{"message":"file invalidated","response":"ok","seq_num":0}
{"record":{"doc":"Repeatedly apply `intro1` and return the list of new local constants in order of introduction.","full-id":"tactic.intros","source":,"tactic_params":[],"type":"tactic (list expr)","widget":{"html":["0",{"attributes":null,"children":["+"],"events":{"onClick":{"handler":0,"route":[3]}},"tag":"button"},[{"attributes":null,"children":["0[ *** ][0]"],"tag":"div"},{"attributes":null,"children":["asdf"],"events":{"onClick":{"handler":1,"route":[12,3]}},"tag":"button"}]]}},"response":"ok","seq_num":46}
{"record":{"debug":{"column":2,"line":26,"msg":"from m_goal_pos"},"status":"success","widget":{"html":["1",{"attributes":null,"children":["+"],"events":{"onClick":{"handler":2,"route":[3]}},"tag":"button"},[{"attributes":null,"children":["1[ *** ][1, 0]"],"tag":"div"},{"attributes":null,"children":["asdf"],"events":{"onClick":{"handler":3,"route":[13,3]}},"tag":"button"}]]}},"response":"ok","seq_num":47}
