{"message":"file invalidated","response":"ok","seq_num":0}
{"record":{"doc":"Repeatedly apply `intro1` and return the list of new local constants in order of introduction.","full-id":"tactic.intros","source":,"tactic_params":[],"type":"tactic (list expr)","widget":{"html":{"c":[{"a":null,"c":[{"a":null,"c":["+"],"e":{"onClick":{"h":0,"r":[3]}},"t":"button"},"0",{"a":null,"c":["-"],"e":{"onClick":{"h":1,"r":[3]}},"t":"button"}],"t":"div"}]}}},"response":"ok","seq_num":46}
{"record":{"debug":{"column":2,"line":6,"msg":"from m_goal_pos"},"status":"success","widget":{"html":{"c":[{"a":null,"c":[{"a":null,"c":["+"],"e":{"onClick":{"h":2,"r":[3]}},"t":"button"},"1",{"a":null,"c":["-"],"e":{"onClick":{"h":3,"r":[3]}},"t":"button"}],"t":"div"}]}}},"response":"ok","seq_num":47}
{"record":{"debug":{"column":2,"line":6,"msg":"from m_goal_pos"},"status":"success","widget":{"html":{"c":[{"a":null,"c":[{"a":null,"c":["+"],"e":{"onClick":{"h":4,"r":[3]}},"t":"button"},"2",{"a":null,"c":["-"],"e":{"onClick":{"h":5,"r":[3]}},"t":"button"}],"t":"div"}]}}},"response":"ok","seq_num":48}
