{"message":"file invalidated","response":"ok","seq_num":0}
{"record":{"doc":"Repeatedly apply `intro1` and return the list of new local constants in order of introduction.","full-id":"tactic.intros","source":,"tactic_params":[],"type":"tactic (list expr)","widget":{"html":[{"attributes":{"className":"mw6"},"children":[{"attributes":{"className":"flex justify-between items-center w-100 bb b--black-20 pb2 mt2","key":"0"},"children":[{"attributes":{"className":"dtc v-mid"},"children":["make some tasks"],"tag":"div"},{"attributes":{"className":"dtc v-mid f6 button-reset bg-white ba b--black-20 dim pointer pv1 w2"},"children":["x"],"events":{"onClick":{"handler":0,"route":[3]}},"tag":"button"}],"tag":"div"},{"attributes":{"className":"flex justify-between items-center w-100 bb b--black-20 pb2 mt2","key":"1"},"children":[{"attributes":{"className":"dtc v-mid"},"children":["delete some tasks"],"tag":"div"},{"attributes":{"className":"dtc v-mid f6 button-reset bg-white ba b--black-20 dim pointer pv1 w2"},"children":["x"],"events":{"onClick":{"handler":1,"route":[3]}},"tag":"button"}],"tag":"div"},{"attributes":null,"children":[],"tag":"hr"},{"attributes":{"className":"flex justify-between items-center w-100 bb b--black-20 pb2 mt2","key":"add row"},"children":[[{"attributes":{"className":"dtc v-mid"},"children":[{"attributes":{"type":"text","value":""},"children":[],"events":{"onChange":{"handler":2,"route":[12,3]}},"tag":"input"}],"tag":"div"},{"attributes":{"className":"dtc v-mid f6 button-reset bg-white ba b--black-20 dim pointer pv1 w2"},"children":["+"],"events":{"onClick":{"handler":3,"route":[12,3]}},"tag":"button"}]],"tag":"div"}],"tag":"div"}]}},"response":"ok","seq_num":46}
{"record":{"debug":{"column":2,"line":6,"msg":"from m_goal_pos"},"status":"success","widget":{"html":[{"attributes":{"className":"mw6"},"children":[{"attributes":{"className":"flex justify-between items-center w-100 bb b--black-20 pb2 mt2","key":"0"},"children":[{"attributes":{"className":"dtc v-mid"},"children":["make some tasks"],"tag":"div"},{"attributes":{"className":"dtc v-mid f6 button-reset bg-white ba b--black-20 dim pointer pv1 w2"},"children":["x"],"events":{"onClick":{"handler":0,"route":[3]}},"tag":"button"}],"tag":"div"},{"attributes":{"className":"flex justify-between items-center w-100 bb b--black-20 pb2 mt2","key":"1"},"children":[{"attributes":{"className":"dtc v-mid"},"children":["delete some tasks"],"tag":"div"},{"attributes":{"className":"dtc v-mid f6 button-reset bg-white ba b--black-20 dim pointer pv1 w2"},"children":["x"],"events":{"onClick":{"handler":1,"route":[3]}},"tag":"button"}],"tag":"div"},{"attributes":null,"children":[],"tag":"hr"},{"attributes":{"className":"flex justify-between items-center w-100 bb b--black-20 pb2 mt2","key":"add row"},"children":[[{"attributes":{"className":"dtc v-mid"},"children":[{"attributes":{"type":"text","value":"hello world"},"children":[],"events":{"onChange":{"handler":4,"route":[12,3]}},"tag":"input"}],"tag":"div"},{"attributes":{"className":"dtc v-mid f6 button-reset bg-white ba b--black-20 dim pointer pv1 w2"},"children":["+"],"events":{"onClick":{"handler":5,"route":[12,3]}},"tag":"button"}]],"tag":"div"}],"tag":"div"}]}},"response":"ok","seq_num":47}
{"record":{"debug":{"column":2,"line":6,"msg":"from m_goal_pos"},"status":"success","widget":{"html":[{"attributes":{"className":"mw6"},"children":[{"attributes":{"className":"flex justify-between items-center w-100 bb b--black-20 pb2 mt2","key":"0"},"children":[{"attributes":{"className":"dtc v-mid"},"children":["make some tasks"],"tag":"div"},{"attributes":{"className":"dtc v-mid f6 button-reset bg-white ba b--black-20 dim pointer pv1 w2"},"children":["x"],"events":{"onClick":{"handler":8,"route":[3]}},"tag":"button"}],"tag":"div"},{"attributes":{"className":"flex justify-between items-center w-100 bb b--black-20 pb2 mt2","key":"1"},"children":[{"attributes":{"className":"dtc v-mid"},"children":["delete some tasks"],"tag":"div"},{"attributes":{"className":"dtc v-mid f6 button-reset bg-white ba b--black-20 dim pointer pv1 w2"},"children":["x"],"events":{"onClick":{"handler":9,"route":[3]}},"tag":"button"}],"tag":"div"},{"attributes":{"className":"flex justify-between items-center w-100 bb b--black-20 pb2 mt2","key":"2"},"children":[{"attributes":{"className":"dtc v-mid"},"children":["hello world"],"tag":"div"},{"attributes":{"className":"dtc v-mid f6 button-reset bg-white ba b--black-20 dim pointer pv1 w2"},"children":["x"],"events":{"onClick":{"handler":10,"route":[3]}},"tag":"button"}],"tag":"div"},{"attributes":null,"children":[],"tag":"hr"},{"attributes":{"className":"flex justify-between items-center w-100 bb b--black-20 pb2 mt2","key":"add row"},"children":[[{"attributes":{"className":"dtc v-mid"},"children":[{"attributes":{"type":"text","value":""},"children":[],"events":{"onChange":{"handler":6,"route":[12,3]}},"tag":"input"}],"tag":"div"},{"attributes":{"className":"dtc v-mid f6 button-reset bg-white ba b--black-20 dim pointer pv1 w2"},"children":["+"],"events":{"onClick":{"handler":7,"route":[12,3]}},"tag":"button"}]],"tag":"div"}],"tag":"div"}]}},"response":"ok","seq_num":48}
{"record":{"debug":{"column":2,"line":6,"msg":"from m_goal_pos"},"status":"success","widget":{"html":[{"attributes":{"className":"mw6"},"children":[{"attributes":{"className":"flex justify-between items-center w-100 bb b--black-20 pb2 mt2","key":"1"},"children":[{"attributes":{"className":"dtc v-mid"},"children":["delete some tasks"],"tag":"div"},{"attributes":{"className":"dtc v-mid f6 button-reset bg-white ba b--black-20 dim pointer pv1 w2"},"children":["x"],"events":{"onClick":{"handler":11,"route":[3]}},"tag":"button"}],"tag":"div"},{"attributes":{"className":"flex justify-between items-center w-100 bb b--black-20 pb2 mt2","key":"2"},"children":[{"attributes":{"className":"dtc v-mid"},"children":["hello world"],"tag":"div"},{"attributes":{"className":"dtc v-mid f6 button-reset bg-white ba b--black-20 dim pointer pv1 w2"},"children":["x"],"events":{"onClick":{"handler":12,"route":[3]}},"tag":"button"}],"tag":"div"},{"attributes":null,"children":[],"tag":"hr"},{"attributes":{"className":"flex justify-between items-center w-100 bb b--black-20 pb2 mt2","key":"add row"},"children":[[{"attributes":{"className":"dtc v-mid"},"children":[{"attributes":{"type":"text","value":""},"children":[],"events":{"onChange":{"handler":6,"route":[12,3]}},"tag":"input"}],"tag":"div"},{"attributes":{"className":"dtc v-mid f6 button-reset bg-white ba b--black-20 dim pointer pv1 w2"},"children":["+"],"events":{"onClick":{"handler":7,"route":[12,3]}},"tag":"button"}]],"tag":"div"}],"tag":"div"}]}},"response":"ok","seq_num":49}
