{"message":"file invalidated","response":"ok","seq_num":0}
{"record":{"doc":"Repeatedly apply `intro1` and return the list of new local constants in order of introduction.","full-id":"tactic.intros","source":,"tactic_params":[],"type":"tactic (list expr)","widget":{"html":[{"attributes":null,"children":[],"tag":"ol"},[{"attributes":{"type":"text","value":""},"children":[],"events":{"onChange":{"handler":0,"route":[22,3]}},"tag":"input"},{"attributes":null,"children":["+"],"events":{"onClick":{"handler":1,"route":[22,3]}},"tag":"button"}]]}},"response":"ok","seq_num":46}
{"record":{"debug":{"column":2,"line":6,"msg":"from m_goal_pos"},"status":"success","widget":{"html":[{"attributes":null,"children":[],"tag":"ol"},[{"attributes":{"type":"text","value":"hello world"},"children":[],"events":{"onChange":{"handler":2,"route":[22,3]}},"tag":"input"},{"attributes":null,"children":["+"],"events":{"onClick":{"handler":3,"route":[22,3]}},"tag":"button"}]]}},"response":"ok","seq_num":47}
{"record":{"debug":{"column":2,"line":6,"msg":"from m_goal_pos"},"status":"success","widget":{"html":[{"attributes":null,"children":[{"attributes":{"key":"0"},"children":["hello world",{"attributes":null,"children":["X"],"events":{"onClick":{"handler":6,"route":[3]}},"tag":"button"}],"tag":"li"}],"tag":"ol"},[{"attributes":{"type":"text","value":""},"children":[],"events":{"onChange":{"handler":7,"route":[23,3]}},"tag":"input"},{"attributes":null,"children":["+"],"events":{"onClick":{"handler":8,"route":[23,3]}},"tag":"button"}]]}},"response":"ok","seq_num":48}
{"record":{"debug":{"column":2,"line":6,"msg":"from m_goal_pos"},"status":"success","widget":{"html":[{"attributes":null,"children":[],"tag":"ol"},[{"attributes":{"type":"text","value":""},"children":[],"events":{"onChange":{"handler":9,"route":[24,3]}},"tag":"input"},{"attributes":null,"children":["+"],"events":{"onClick":{"handler":10,"route":[24,3]}},"tag":"button"}]]}},"response":"ok","seq_num":49}
