{"message":"file invalidated","response":"ok","seq_num":0}
